core_cm4.h:1688:22:__NVIC_EnableIRQ	16	static
rtc.c:41:6:rtc_tamper_detect_init	8	static
rtc.c:75:6:rtc_timestamp_init	8	static
rtc.c:129:6:rtc_alarm_init	8	static
rtc.c:181:6:rtc_wkup_timer_init	8	static
rtc.c:238:6:rtc_init	8	static
rtc.c:302:9:rtc_convert_bin2bcd	16	static
rtc.c:307:9:rtc_convert_bcd2bin	16	static
rtc.c:312:10:rtc_date_get_day	4	static
rtc.c:317:10:rtc_date_get_year	4	static
rtc.c:322:10:rtc_date_get_month	4	static
rtc.c:327:10:rtc_time_get_second	4	static
rtc.c:332:10:rtc_time_get_minute	4	static
rtc.c:338:11:rtc_time_get_hour	4	static
rtc.c:343:13:rtc_set_asynch_prescaler	16	static
rtc.c:350:13:rtc_set_synch_prescaler	16	static
rtc.c:356:13:rtc_alma_set_mask	16	static
rtc.c:361:13:rtc_alma_config_time	24	static
rtc.c:373:13:rtc_date_config	24	static
rtc.c:387:13:rtc_time_config	24	static
rtc.c:399:6:_rtc_enable_init_mode	4	static
rtc.c:404:6:_rtc_disable_init_mode	4	static
rtc.c:409:9:_rtc_isActiveflag_init	4	static
rtc.c:415:9:_rtc_isActiveflag_rs	4	static
rtc.c:420:16:rtc_init_seq	8	static
rtc.c:431:16:wait_for_synchro	8	static
rtc.c:441:16:exit_init_seq	8	static
