core_cm4.h:1688:22:__NVIC_EnableIRQ	16	static
rtc.c:39:6:rtc_tamper_detect_init	8	static
rtc.c:73:6:rtc_timestamp_init	8	static
rtc.c:127:6:rtc_alarm_init	8	static
rtc.c:177:6:rtc_init	8	static
rtc.c:241:9:rtc_convert_bin2bcd	16	static
rtc.c:246:9:rtc_convert_bcd2bin	16	static
rtc.c:251:10:rtc_date_get_day	4	static
rtc.c:256:10:rtc_date_get_year	4	static
rtc.c:261:10:rtc_date_get_month	4	static
rtc.c:266:10:rtc_time_get_second	4	static
rtc.c:271:10:rtc_time_get_minute	4	static
rtc.c:277:11:rtc_time_get_hour	4	static
rtc.c:282:13:rtc_set_asynch_prescaler	16	static
rtc.c:289:13:rtc_set_synch_prescaler	16	static
rtc.c:295:13:rtc_alma_set_mask	16	static
rtc.c:300:13:rtc_alma_config_time	24	static
rtc.c:312:13:rtc_date_config	24	static
rtc.c:326:13:rtc_time_config	24	static
rtc.c:338:6:_rtc_enable_init_mode	4	static
rtc.c:343:6:_rtc_disable_init_mode	4	static
rtc.c:348:9:_rtc_isActiveflag_init	4	static
rtc.c:354:9:_rtc_isActiveflag_rs	4	static
rtc.c:359:16:rtc_init_seq	8	static
rtc.c:370:16:wait_for_synchro	8	static
rtc.c:380:16:exit_init_seq	8	static
