core_cm4.h:1688:22:__NVIC_EnableIRQ	16	static
rtc.c:38:6:rtc_alarm_init	8	static
rtc.c:88:6:rtc_init	8	static
rtc.c:152:9:rtc_convert_bin2bcd	16	static
rtc.c:157:9:rtc_convert_bcd2bin	16	static
rtc.c:162:10:rtc_date_get_day	4	static
rtc.c:167:10:rtc_date_get_year	4	static
rtc.c:172:10:rtc_date_get_month	4	static
rtc.c:177:10:rtc_time_get_second	4	static
rtc.c:182:10:rtc_time_get_minute	4	static
rtc.c:188:11:rtc_time_get_hour	4	static
rtc.c:193:13:rtc_set_asynch_prescaler	16	static
rtc.c:200:13:rtc_set_synch_prescaler	16	static
rtc.c:206:13:rtc_alma_set_mask	16	static
rtc.c:211:13:rtc_alma_config_time	24	static
rtc.c:223:13:rtc_date_config	24	static
rtc.c:237:13:rtc_time_config	24	static
rtc.c:249:6:_rtc_enable_init_mode	4	static
rtc.c:254:6:_rtc_disable_init_mode	4	static
rtc.c:259:9:_rtc_isActiveflag_init	4	static
rtc.c:265:9:_rtc_isActiveflag_rs	4	static
rtc.c:270:16:rtc_init_seq	8	static
rtc.c:281:16:wait_for_synchro	8	static
rtc.c:291:16:exit_init_seq	8	static
