23:23:06 **** Incremental Build of configuration Debug for project 13_PWM_Driver ****
make -j7 all 
arm-none-eabi-gcc "../Src/i2c_dma.c" -mcpu=cortex-m4 -std=gnu11 -g3 -DDEBUG -DSTM32 -DSTM32F4 -DSTM32F411RETx -DSTM32F411xE -c -I../Inc -I"/Users/anateresaneto/Desktop/app/FreeRTOS/protocol/Advanced_BareMetal_Programming/13_PWM_Driver/chip_headers/CMSIS/Include" -I"/Users/anateresaneto/Desktop/app/FreeRTOS/protocol/Advanced_BareMetal_Programming/13_PWM_Driver/chip_headers/CMSIS/Device/ST/STM32F4xx/Include" -O0 -ffunction-sections -fdata-sections -Wall -fstack-usage -fcyclomatic-complexity -MMD -MP -MF"Src/i2c_dma.d" -MT"Src/i2c_dma.o" --specs=nano.specs -mfpu=fpv4-sp-d16 -mfloat-abi=hard -mthumb -o "Src/i2c_dma.o"
arm-none-eabi-gcc -o "13_PWM_Driver.elf" @"objects.list"   -mcpu=cortex-m4 -T"/Users/anateresaneto/Desktop/app/FreeRTOS/protocol/Advanced_BareMetal_Programming/13_PWM_Driver/STM32F411RETX_FLASH.ld" --specs=nosys.specs -Wl,-Map="13_PWM_Driver.map" -Wl,--gc-sections -static --specs=nano.specs -mfpu=fpv4-sp-d16 -mfloat-abi=hard -mthumb -u _printf_float -u _scanf_float -Wl,--start-group -lc -lm -Wl,--end-group
Finished building target: 13_PWM_Driver.elf
 
arm-none-eabi-size  13_PWM_Driver.elf 
arm-none-eabi-objdump -h -S 13_PWM_Driver.elf  > "13_PWM_Driver.list"
   text	   data	    bss	    dec	    hex	filename
  23880	    464	   1904	  26248	   6688	13_PWM_Driver.elf
Finished building: default.size.stdout
 
Finished building: 13_PWM_Driver.list
 

23:23:07 Build Finished. 0 errors, 0 warnings. (took 577ms)

