16:55:48 **** Build of configuration Debug for project 1_Debugging_Basics ****
make -j7 all 
arm-none-eabi-gcc -mcpu=cortex-m4 -g3 -DDEBUG -c -x assembler-with-cpp -MMD -MP -MF"Startup/startup_stm32f410rbtx.d" -MT"Startup/startup_stm32f410rbtx.o" --specs=nano.specs -mfpu=fpv4-sp-d16 -mfloat-abi=hard -mthumb -o "Startup/startup_stm32f410rbtx.o" "../Startup/startup_stm32f410rbtx.s"
arm-none-eabi-gcc "../Src/Helpers/logger.c" -mcpu=cortex-m4 -std=gnu11 -g3 -DDEBUG -DSTM32F410RBTx -DSTM32 -DNUCLEO_F410RB -DSTM32F4 -DSTM32F410Rx -c -I../Inc -I"/Users/anateresaneto/Desktop/app/FreeRTOS/protocol/1_Debugging_Basics/Inc/CMSIS/Device/ST/STM32F4xx/Include" -I"/Users/anateresaneto/Desktop/app/FreeRTOS/protocol/1_Debugging_Basics/Inc/CMSIS/Include" -O0 -ffunction-sections -fdata-sections -Wall -fstack-usage -fcyclomatic-complexity -MMD -MP -MF"Src/Helpers/logger.d" -MT"Src/Helpers/logger.o" --specs=nano.specs -mfpu=fpv4-sp-d16 -mfloat-abi=hard -mthumb -o "Src/Helpers/logger.o"
arm-none-eabi-gcc "../Src/main.c" -mcpu=cortex-m4 -std=gnu11 -g3 -DDEBUG -DSTM32F410RBTx -DSTM32 -DNUCLEO_F410RB -DSTM32F4 -DSTM32F410Rx -c -I../Inc -I"/Users/anateresaneto/Desktop/app/FreeRTOS/protocol/1_Debugging_Basics/Inc/CMSIS/Device/ST/STM32F4xx/Include" -I"/Users/anateresaneto/Desktop/app/FreeRTOS/protocol/1_Debugging_Basics/Inc/CMSIS/Include" -O0 -ffunction-sections -fdata-sections -Wall -fstack-usage -fcyclomatic-complexity -MMD -MP -MF"Src/main.d" -MT"Src/main.o" --specs=nano.specs -mfpu=fpv4-sp-d16 -mfloat-abi=hard -mthumb -o "Src/main.o"
arm-none-eabi-gcc "../Src/systeminit.c" -mcpu=cortex-m4 -std=gnu11 -g3 -DDEBUG -DSTM32F410RBTx -DSTM32 -DNUCLEO_F410RB -DSTM32F4 -DSTM32F410Rx -c -I../Inc -I"/Users/anateresaneto/Desktop/app/FreeRTOS/protocol/1_Debugging_Basics/Inc/CMSIS/Device/ST/STM32F4xx/Include" -I"/Users/anateresaneto/Desktop/app/FreeRTOS/protocol/1_Debugging_Basics/Inc/CMSIS/Include" -O0 -ffunction-sections -fdata-sections -Wall -fstack-usage -fcyclomatic-complexity -MMD -MP -MF"Src/systeminit.d" -MT"Src/systeminit.o" --specs=nano.specs -mfpu=fpv4-sp-d16 -mfloat-abi=hard -mthumb -o "Src/systeminit.o"
../Src/Helpers/logger.c: In function 'log_debug_array':
../Src/Helpers/logger.c:98:13: warning: this 'if' clause does not guard... [-Wmisleading-indentation]
   98 |             if (LOG_LEVEL_DEBUG > system_log_level)
      |             ^~
../Src/Helpers/logger.c:104:17: note: ...this statement, but the latter is misleadingly indented as if it were guarded by the 'if'
  104 |                 printf("[%s] %s[%d]: {", _get_log_level_string(LOG_LEVEL_DEBUG), label, len);
      |                 ^~~~~~
../Src/Helpers/logger.c: In function '_get_log_level_string':
../Src/Helpers/logger.c:28:1: warning: control reaches end of non-void function [-Wreturn-type]
   28 | }
      | ^
arm-none-eabi-gcc -o "1_Debugging_Basics.elf" @"objects.list"   -mcpu=cortex-m4 -T"/Users/anateresaneto/Desktop/app/FreeRTOS/protocol/1_Debugging_Basics/STM32F410RBTX_FLASH.ld" --specs=nosys.specs -Wl,-Map="1_Debugging_Basics.map" -Wl,--gc-sections -static --specs=nano.specs -mfpu=fpv4-sp-d16 -mfloat-abi=hard -mthumb -Wl,--start-group -lc -lm -Wl,--end-group
/Applications/STM32CubeIDE.app/Contents/Eclipse/plugins/com.st.stm32cube.ide.mcu.externaltools.gnu-tools-for-stm32.11.3.rel1.macos64_1.1.100.202310310803/tools/bin/../lib/gcc/arm-none-eabi/11.3.1/../../../../arm-none-eabi/bin/ld: /Applications/STM32CubeIDE.app/Contents/Eclipse/plugins/com.st.stm32cube.ide.mcu.externaltools.gnu-tools-for-stm32.11.3.rel1.macos64_1.1.100.202310310803/tools/bin/../lib/gcc/arm-none-eabi/11.3.1/../../../../arm-none-eabi/lib/thumb/v7e-m+fp/hard/libc_nano.a(libc_a-closer.o): in function `_close_r':
(.text._close_r+0xc): warning: _close is not implemented and will always fail
/Applications/STM32CubeIDE.app/Contents/Eclipse/plugins/com.st.stm32cube.ide.mcu.externaltools.gnu-tools-for-stm32.11.3.rel1.macos64_1.1.100.202310310803/tools/bin/../lib/gcc/arm-none-eabi/11.3.1/../../../../arm-none-eabi/bin/ld: /Applications/STM32CubeIDE.app/Contents/Eclipse/plugins/com.st.stm32cube.ide.mcu.externaltools.gnu-tools-for-stm32.11.3.rel1.macos64_1.1.100.202310310803/tools/bin/../lib/gcc/arm-none-eabi/11.3.1/../../../../arm-none-eabi/lib/thumb/v7e-m+fp/hard/libc_nano.a(libc_a-fstatr.o): in function `_fstat_r':
(.text._fstat_r+0xe): warning: _fstat is not implemented and will always fail
/Applications/STM32CubeIDE.app/Contents/Eclipse/plugins/com.st.stm32cube.ide.mcu.externaltools.gnu-tools-for-stm32.11.3.rel1.macos64_1.1.100.202310310803/tools/bin/../lib/gcc/arm-none-eabi/11.3.1/../../../../arm-none-eabi/bin/ld: /Applications/STM32CubeIDE.app/Contents/Eclipse/plugins/com.st.stm32cube.ide.mcu.externaltools.gnu-tools-for-stm32.11.3.rel1.macos64_1.1.100.202310310803/tools/bin/../lib/gcc/arm-none-eabi/11.3.1/../../../../arm-none-eabi/lib/thumb/v7e-m+fp/hard/libc_nano.a(libc_a-isattyr.o): in function `_isatty_r':
(.text._isatty_r+0xc): warning: _isatty is not implemented and will always fail
/Applications/STM32CubeIDE.app/Contents/Eclipse/plugins/com.st.stm32cube.ide.mcu.externaltools.gnu-tools-for-stm32.11.3.rel1.macos64_1.1.100.202310310803/tools/bin/../lib/gcc/arm-none-eabi/11.3.1/../../../../arm-none-eabi/bin/ld: /Applications/STM32CubeIDE.app/Contents/Eclipse/plugins/com.st.stm32cube.ide.mcu.externaltools.gnu-tools-for-stm32.11.3.rel1.macos64_1.1.100.202310310803/tools/bin/../lib/gcc/arm-none-eabi/11.3.1/../../../../arm-none-eabi/lib/thumb/v7e-m+fp/hard/libc_nano.a(libc_a-lseekr.o): in function `_lseek_r':
(.text._lseek_r+0x10): warning: _lseek is not implemented and will always fail
/Applications/STM32CubeIDE.app/Contents/Eclipse/plugins/com.st.stm32cube.ide.mcu.externaltools.gnu-tools-for-stm32.11.3.rel1.macos64_1.1.100.202310310803/tools/bin/../lib/gcc/arm-none-eabi/11.3.1/../../../../arm-none-eabi/bin/ld: /Applications/STM32CubeIDE.app/Contents/Eclipse/plugins/com.st.stm32cube.ide.mcu.externaltools.gnu-tools-for-stm32.11.3.rel1.macos64_1.1.100.202310310803/tools/bin/../lib/gcc/arm-none-eabi/11.3.1/../../../../arm-none-eabi/lib/thumb/v7e-m+fp/hard/libc_nano.a(libc_a-readr.o): in function `_read_r':
(.text._read_r+0x10): warning: _read is not implemented and will always fail
Finished building target: 1_Debugging_Basics.elf
 
arm-none-eabi-size  1_Debugging_Basics.elf 
arm-none-eabi-objdump -h -S 1_Debugging_Basics.elf  > "1_Debugging_Basics.list"
   text	   data	    bss	    dec	    hex	filename
   5384	    104	   1904	   7392	   1ce0	1_Debugging_Basics.elf
Finished building: default.size.stdout
 
Finished building: 1_Debugging_Basics.list
 

16:55:49 Build Finished. 0 errors, 7 warnings. (took 777ms)

