01:46:43 **** Incremental Build of configuration Debug for project usb_dev ****
make -j4 all 
arm-none-eabi-gcc "../Src/main.c" -mcpu=cortex-m4 -std=gnu11 -g3 -DDEBUG -DSTM32F410RBTx -DSTM32 -DNUCLEO_F410RB -DSTM32F4 -DSTM32F410Rx -c -I../Inc -I"/home/m/FreeRTOS/protocol/usb_dev/Inc/CMSIS/Include" -I"/home/m/FreeRTOS/protocol/usb_dev/Inc/CMSIS/Device/ST/STM32F4xx/Include" -O0 -ffunction-sections -fdata-sections -Wall -fstack-usage -fcyclomatic-complexity -MMD -MP -MF"Src/main.d" -MT"Src/main.o" --specs=nano.specs -mfpu=fpv4-sp-d16 -mfloat-abi=hard -mthumb -o "Src/main.o"
../Src/main.c: In function 'main':
../Src/main.c:4:9: warning: implicit declaration of function 'configure_clock' [-Wimplicit-function-declaration]
    4 |         configure_clock();
      |         ^~~~~~~~~~~~~~~
arm-none-eabi-gcc -o "usb_dev.elf" @"objects.list"   -mcpu=cortex-m4 -T"/home/m/FreeRTOS/protocol/usb_dev/STM32F410RBTX_FLASH.ld" --specs=nosys.specs -Wl,-Map="usb_dev.map" -Wl,--gc-sections -static --specs=nano.specs -mfpu=fpv4-sp-d16 -mfloat-abi=hard -mthumb -Wl,--start-group -lc -lm -Wl,--end-group
/opt/st/stm32cubeide_1.16.0/plugins/com.st.stm32cube.ide.mcu.externaltools.gnu-tools-for-stm32.12.3.rel1.linux64_1.0.200.202406132123/tools/bin/../lib/gcc/arm-none-eabi/12.3.1/../../../../arm-none-eabi/bin/ld: /opt/st/stm32cubeide_1.16.0/plugins/com.st.stm32cube.ide.mcu.externaltools.gnu-tools-for-stm32.12.3.rel1.linux64_1.0.200.202406132123/tools/bin/../lib/gcc/arm-none-eabi/12.3.1/../../../../arm-none-eabi/lib/thumb/v7e-m+fp/hard/libc_nano.a(libc_a-closer.o): in function `_close_r':
(.text._close_r+0xc): warning: _close is not implemented and will always fail
/opt/st/stm32cubeide_1.16.0/plugins/com.st.stm32cube.ide.mcu.externaltools.gnu-tools-for-stm32.12.3.rel1.linux64_1.0.200.202406132123/tools/bin/../lib/gcc/arm-none-eabi/12.3.1/../../../../arm-none-eabi/bin/ld: /opt/st/stm32cubeide_1.16.0/plugins/com.st.stm32cube.ide.mcu.externaltools.gnu-tools-for-stm32.12.3.rel1.linux64_1.0.200.202406132123/tools/bin/../lib/gcc/arm-none-eabi/12.3.1/../../../../arm-none-eabi/lib/thumb/v7e-m+fp/hard/libc_nano.a(libc_a-fstatr.o): in function `_fstat_r':
(.text._fstat_r+0xe): warning: _fstat is not implemented and will always fail
/opt/st/stm32cubeide_1.16.0/plugins/com.st.stm32cube.ide.mcu.externaltools.gnu-tools-for-stm32.12.3.rel1.linux64_1.0.200.202406132123/tools/bin/../lib/gcc/arm-none-eabi/12.3.1/../../../../arm-none-eabi/bin/ld: /opt/st/stm32cubeide_1.16.0/plugins/com.st.stm32cube.ide.mcu.externaltools.gnu-tools-for-stm32.12.3.rel1.linux64_1.0.200.202406132123/tools/bin/../lib/gcc/arm-none-eabi/12.3.1/../../../../arm-none-eabi/lib/thumb/v7e-m+fp/hard/libc_nano.a(libc_a-isattyr.o): in function `_isatty_r':
(.text._isatty_r+0xc): warning: _isatty is not implemented and will always fail
/opt/st/stm32cubeide_1.16.0/plugins/com.st.stm32cube.ide.mcu.externaltools.gnu-tools-for-stm32.12.3.rel1.linux64_1.0.200.202406132123/tools/bin/../lib/gcc/arm-none-eabi/12.3.1/../../../../arm-none-eabi/bin/ld: /opt/st/stm32cubeide_1.16.0/plugins/com.st.stm32cube.ide.mcu.externaltools.gnu-tools-for-stm32.12.3.rel1.linux64_1.0.200.202406132123/tools/bin/../lib/gcc/arm-none-eabi/12.3.1/../../../../arm-none-eabi/lib/thumb/v7e-m+fp/hard/libc_nano.a(libc_a-lseekr.o): in function `_lseek_r':
(.text._lseek_r+0x10): warning: _lseek is not implemented and will always fail
/opt/st/stm32cubeide_1.16.0/plugins/com.st.stm32cube.ide.mcu.externaltools.gnu-tools-for-stm32.12.3.rel1.linux64_1.0.200.202406132123/tools/bin/../lib/gcc/arm-none-eabi/12.3.1/../../../../arm-none-eabi/bin/ld: /opt/st/stm32cubeide_1.16.0/plugins/com.st.stm32cube.ide.mcu.externaltools.gnu-tools-for-stm32.12.3.rel1.linux64_1.0.200.202406132123/tools/bin/../lib/gcc/arm-none-eabi/12.3.1/../../../../arm-none-eabi/lib/thumb/v7e-m+fp/hard/libc_nano.a(libc_a-readr.o): in function `_read_r':
(.text._read_r+0x10): warning: _read is not implemented and will always fail
Finished building target: usb_dev.elf
 
arm-none-eabi-size  usb_dev.elf 
arm-none-eabi-objdump -h -S usb_dev.elf  > "usb_dev.list"
   text	   data	    bss	    dec	    hex	filename
   5396	     96	   1904	   7396	   1ce4	usb_dev.elf
Finished building: default.size.stdout
 
Finished building: usb_dev.list
 
01:46:48 **** Incremental Build of configuration Debug for project usb_dev ****
make -j4 all 
arm-none-eabi-size  usb_dev.elf 
   text	   data	    bss	    dec	    hex	filename
   5396	     96	   1904	   7396	   1ce4	usb_dev.elf
Finished building: default.size.stdout
 
01:47:24 **** Incremental Build of configuration Debug for project usb_dev ****
make -j4 all 
arm-none-eabi-size  usb_dev.elf 
   text	   data	    bss	    dec	    hex	filename
   5396	     96	   1904	   7396	   1ce4	usb_dev.elf
Finished building: default.size.stdout
 
01:48:26 **** Incremental Build of configuration Debug for project usb_dev ****
make -j4 all 
arm-none-eabi-size  usb_dev.elf 
   text	   data	    bss	    dec	    hex	filename
   5396	     96	   1904	   7396	   1ce4	usb_dev.elf
Finished building: default.size.stdout
 
01:48:43 **** Incremental Build of configuration Debug for project usb_dev ****
make -j4 all 
arm-none-eabi-size  usb_dev.elf 
   text	   data	    bss	    dec	    hex	filename
   5396	     96	   1904	   7396	   1ce4	usb_dev.elf
Finished building: default.size.stdout
 
01:49:09 **** Incremental Build of configuration Debug for project usb_dev ****
make -j4 all 
arm-none-eabi-size  usb_dev.elf 
   text	   data	    bss	    dec	    hex	filename
   5396	     96	   1904	   7396	   1ce4	usb_dev.elf
Finished building: default.size.stdout
 
