core_cm4.h:1688:22:__NVIC_EnableIRQ	16	static
rtc.c:39:6:rtc_timestamp_init	8	static
rtc.c:93:6:rtc_alarm_init	8	static
rtc.c:143:6:rtc_init	8	static
rtc.c:207:9:rtc_convert_bin2bcd	16	static
rtc.c:212:9:rtc_convert_bcd2bin	16	static
rtc.c:217:10:rtc_date_get_day	4	static
rtc.c:222:10:rtc_date_get_year	4	static
rtc.c:227:10:rtc_date_get_month	4	static
rtc.c:232:10:rtc_time_get_second	4	static
rtc.c:237:10:rtc_time_get_minute	4	static
rtc.c:243:11:rtc_time_get_hour	4	static
rtc.c:248:13:rtc_set_asynch_prescaler	16	static
rtc.c:255:13:rtc_set_synch_prescaler	16	static
rtc.c:261:13:rtc_alma_set_mask	16	static
rtc.c:266:13:rtc_alma_config_time	24	static
rtc.c:278:13:rtc_date_config	24	static
rtc.c:292:13:rtc_time_config	24	static
rtc.c:304:6:_rtc_enable_init_mode	4	static
rtc.c:309:6:_rtc_disable_init_mode	4	static
rtc.c:314:9:_rtc_isActiveflag_init	4	static
rtc.c:320:9:_rtc_isActiveflag_rs	4	static
rtc.c:325:16:rtc_init_seq	8	static
rtc.c:336:16:wait_for_synchro	8	static
rtc.c:346:16:exit_init_seq	8	static
