10:30:23 **** Incremental Build of configuration Debug for project 14_PWM_DMA_Driver ****
make -j8 all 
arm-none-eabi-gcc "../Src/adc_dma.c" -mcpu=cortex-m4 -std=gnu11 -g3 -DDEBUG -DSTM32 -DSTM32F4 -DSTM32F411RETx -DSTM32F411xE -c -I../Inc -I"C:/Users/Gaming Laptop RTX/Documents/Advanced_BareMetal_Programming/14_PWM_DMA_Driver/chip_headers/CMSIS/Include" -I"C:/Users/Gaming Laptop RTX/Documents/Advanced_BareMetal_Programming/14_PWM_DMA_Driver/chip_headers/CMSIS/Device/ST/STM32F4xx/Include" -O0 -ffunction-sections -fdata-sections -Wall -fstack-usage -MMD -MP -MF"Src/adc_dma.d" -MT"Src/adc_dma.o" --specs=nano.specs -mfpu=fpv4-sp-d16 -mfloat-abi=hard -mthumb -o "Src/adc_dma.o"
arm-none-eabi-gcc "../Src/dma.c" -mcpu=cortex-m4 -std=gnu11 -g3 -DDEBUG -DSTM32 -DSTM32F4 -DSTM32F411RETx -DSTM32F411xE -c -I../Inc -I"C:/Users/Gaming Laptop RTX/Documents/Advanced_BareMetal_Programming/14_PWM_DMA_Driver/chip_headers/CMSIS/Include" -I"C:/Users/Gaming Laptop RTX/Documents/Advanced_BareMetal_Programming/14_PWM_DMA_Driver/chip_headers/CMSIS/Device/ST/STM32F4xx/Include" -O0 -ffunction-sections -fdata-sections -Wall -fstack-usage -MMD -MP -MF"Src/dma.d" -MT"Src/dma.o" --specs=nano.specs -mfpu=fpv4-sp-d16 -mfloat-abi=hard -mthumb -o "Src/dma.o"
arm-none-eabi-gcc "../Src/i2c_dma.c" -mcpu=cortex-m4 -std=gnu11 -g3 -DDEBUG -DSTM32 -DSTM32F4 -DSTM32F411RETx -DSTM32F411xE -c -I../Inc -I"C:/Users/Gaming Laptop RTX/Documents/Advanced_BareMetal_Programming/14_PWM_DMA_Driver/chip_headers/CMSIS/Include" -I"C:/Users/Gaming Laptop RTX/Documents/Advanced_BareMetal_Programming/14_PWM_DMA_Driver/chip_headers/CMSIS/Device/ST/STM32F4xx/Include" -O0 -ffunction-sections -fdata-sections -Wall -fstack-usage -MMD -MP -MF"Src/i2c_dma.d" -MT"Src/i2c_dma.o" --specs=nano.specs -mfpu=fpv4-sp-d16 -mfloat-abi=hard -mthumb -o "Src/i2c_dma.o"
arm-none-eabi-gcc "../Src/main.c" -mcpu=cortex-m4 -std=gnu11 -g3 -DDEBUG -DSTM32 -DSTM32F4 -DSTM32F411RETx -DSTM32F411xE -c -I../Inc -I"C:/Users/Gaming Laptop RTX/Documents/Advanced_BareMetal_Programming/14_PWM_DMA_Driver/chip_headers/CMSIS/Include" -I"C:/Users/Gaming Laptop RTX/Documents/Advanced_BareMetal_Programming/14_PWM_DMA_Driver/chip_headers/CMSIS/Device/ST/STM32F4xx/Include" -O0 -ffunction-sections -fdata-sections -Wall -fstack-usage -MMD -MP -MF"Src/main.d" -MT"Src/main.o" --specs=nano.specs -mfpu=fpv4-sp-d16 -mfloat-abi=hard -mthumb -o "Src/main.o"
arm-none-eabi-gcc "../Src/mpu9250.c" -mcpu=cortex-m4 -std=gnu11 -g3 -DDEBUG -DSTM32 -DSTM32F4 -DSTM32F411RETx -DSTM32F411xE -c -I../Inc -I"C:/Users/Gaming Laptop RTX/Documents/Advanced_BareMetal_Programming/14_PWM_DMA_Driver/chip_headers/CMSIS/Include" -I"C:/Users/Gaming Laptop RTX/Documents/Advanced_BareMetal_Programming/14_PWM_DMA_Driver/chip_headers/CMSIS/Device/ST/STM32F4xx/Include" -O0 -ffunction-sections -fdata-sections -Wall -fstack-usage -MMD -MP -MF"Src/mpu9250.d" -MT"Src/mpu9250.o" --specs=nano.specs -mfpu=fpv4-sp-d16 -mfloat-abi=hard -mthumb -o "Src/mpu9250.o"
arm-none-eabi-gcc "../Src/pwm_dma.c" -mcpu=cortex-m4 -std=gnu11 -g3 -DDEBUG -DSTM32 -DSTM32F4 -DSTM32F411RETx -DSTM32F411xE -c -I../Inc -I"C:/Users/Gaming Laptop RTX/Documents/Advanced_BareMetal_Programming/14_PWM_DMA_Driver/chip_headers/CMSIS/Include" -I"C:/Users/Gaming Laptop RTX/Documents/Advanced_BareMetal_Programming/14_PWM_DMA_Driver/chip_headers/CMSIS/Device/ST/STM32F4xx/Include" -O0 -ffunction-sections -fdata-sections -Wall -fstack-usage -MMD -MP -MF"Src/pwm_dma.d" -MT"Src/pwm_dma.o" --specs=nano.specs -mfpu=fpv4-sp-d16 -mfloat-abi=hard -mthumb -o "Src/pwm_dma.o"
arm-none-eabi-gcc "../Src/spi_dma.c" -mcpu=cortex-m4 -std=gnu11 -g3 -DDEBUG -DSTM32 -DSTM32F4 -DSTM32F411RETx -DSTM32F411xE -c -I../Inc -I"C:/Users/Gaming Laptop RTX/Documents/Advanced_BareMetal_Programming/14_PWM_DMA_Driver/chip_headers/CMSIS/Include" -I"C:/Users/Gaming Laptop RTX/Documents/Advanced_BareMetal_Programming/14_PWM_DMA_Driver/chip_headers/CMSIS/Device/ST/STM32F4xx/Include" -O0 -ffunction-sections -fdata-sections -Wall -fstack-usage -MMD -MP -MF"Src/spi_dma.d" -MT"Src/spi_dma.o" --specs=nano.specs -mfpu=fpv4-sp-d16 -mfloat-abi=hard -mthumb -o "Src/spi_dma.o"
arm-none-eabi-gcc "../Src/syscalls.c" -mcpu=cortex-m4 -std=gnu11 -g3 -DDEBUG -DSTM32 -DSTM32F4 -DSTM32F411RETx -DSTM32F411xE -c -I../Inc -I"C:/Users/Gaming Laptop RTX/Documents/Advanced_BareMetal_Programming/14_PWM_DMA_Driver/chip_headers/CMSIS/Include" -I"C:/Users/Gaming Laptop RTX/Documents/Advanced_BareMetal_Programming/14_PWM_DMA_Driver/chip_headers/CMSIS/Device/ST/STM32F4xx/Include" -O0 -ffunction-sections -fdata-sections -Wall -fstack-usage -MMD -MP -MF"Src/syscalls.d" -MT"Src/syscalls.o" --specs=nano.specs -mfpu=fpv4-sp-d16 -mfloat-abi=hard -mthumb -o "Src/syscalls.o"
arm-none-eabi-gcc "../Src/sysmem.c" -mcpu=cortex-m4 -std=gnu11 -g3 -DDEBUG -DSTM32 -DSTM32F4 -DSTM32F411RETx -DSTM32F411xE -c -I../Inc -I"C:/Users/Gaming Laptop RTX/Documents/Advanced_BareMetal_Programming/14_PWM_DMA_Driver/chip_headers/CMSIS/Include" -I"C:/Users/Gaming Laptop RTX/Documents/Advanced_BareMetal_Programming/14_PWM_DMA_Driver/chip_headers/CMSIS/Device/ST/STM32F4xx/Include" -O0 -ffunction-sections -fdata-sections -Wall -fstack-usage -MMD -MP -MF"Src/sysmem.d" -MT"Src/sysmem.o" --specs=nano.specs -mfpu=fpv4-sp-d16 -mfloat-abi=hard -mthumb -o "Src/sysmem.o"
arm-none-eabi-gcc "../Src/tim.c" -mcpu=cortex-m4 -std=gnu11 -g3 -DDEBUG -DSTM32 -DSTM32F4 -DSTM32F411RETx -DSTM32F411xE -c -I../Inc -I"C:/Users/Gaming Laptop RTX/Documents/Advanced_BareMetal_Programming/14_PWM_DMA_Driver/chip_headers/CMSIS/Include" -I"C:/Users/Gaming Laptop RTX/Documents/Advanced_BareMetal_Programming/14_PWM_DMA_Driver/chip_headers/CMSIS/Device/ST/STM32F4xx/Include" -O0 -ffunction-sections -fdata-sections -Wall -fstack-usage -MMD -MP -MF"Src/tim.d" -MT"Src/tim.o" --specs=nano.specs -mfpu=fpv4-sp-d16 -mfloat-abi=hard -mthumb -o "Src/tim.o"
arm-none-eabi-gcc "../Src/uart.c" -mcpu=cortex-m4 -std=gnu11 -g3 -DDEBUG -DSTM32 -DSTM32F4 -DSTM32F411RETx -DSTM32F411xE -c -I../Inc -I"C:/Users/Gaming Laptop RTX/Documents/Advanced_BareMetal_Programming/14_PWM_DMA_Driver/chip_headers/CMSIS/Include" -I"C:/Users/Gaming Laptop RTX/Documents/Advanced_BareMetal_Programming/14_PWM_DMA_Driver/chip_headers/CMSIS/Device/ST/STM32F4xx/Include" -O0 -ffunction-sections -fdata-sections -Wall -fstack-usage -MMD -MP -MF"Src/uart.d" -MT"Src/uart.o" --specs=nano.specs -mfpu=fpv4-sp-d16 -mfloat-abi=hard -mthumb -o "Src/uart.o"
arm-none-eabi-gcc -o "14_PWM_DMA_Driver.elf" @"objects.list"   -mcpu=cortex-m4 -T"C:\Users\Gaming Laptop RTX\Documents\Advanced_BareMetal_Programming\14_PWM_DMA_Driver\STM32F411RETX_FLASH.ld" --specs=nosys.specs -Wl,-Map="14_PWM_DMA_Driver.map" -Wl,--gc-sections -static --specs=nano.specs -mfpu=fpv4-sp-d16 -mfloat-abi=hard -mthumb -u _printf_float -u _scanf_float -Wl,--start-group -lc -lm -Wl,--end-group
Finished building target: 14_PWM_DMA_Driver.elf
 
arm-none-eabi-size   14_PWM_DMA_Driver.elf 
arm-none-eabi-objdump -h -S  14_PWM_DMA_Driver.elf  > "14_PWM_DMA_Driver.list"
arm-none-eabi-objcopy  -O binary  14_PWM_DMA_Driver.elf  "14_PWM_DMA_Driver.bin"
   text	   data	    bss	    dec	    hex	filename
  24644	   2076	   1596	  28316	   6e9c	14_PWM_DMA_Driver.elf
Finished building: default.size.stdout
 
Finished building: 14_PWM_DMA_Driver.bin
 
Finished building: 14_PWM_DMA_Driver.list
 

10:30:26 Build Finished. 0 errors, 0 warnings. (took 2s.591ms)

